// Jest Snapshot v1, https://goo.gl/fbAQLP

exports[`Bolt Type element default 1`] = `
<p class="e-bolt-type">
  This is a type element
</p>
`;
