// Jest Snapshot v1, https://goo.gl/fbAQLP

exports[`Twig usage adds class via Drupal Attributes 1`] = `
<article class="u-bolt-margin-top-medium c-bolt-teaser c-bolt-teaser--responsive c-bolt-teaser--gutter-large">
  <div class="c-bolt-teaser__content">
    <div class="c-bolt-teaser__headline">
      <h2 class="c-bolt-headline c-bolt-headline--bold c-bolt-headline--xlarge">
        <a href="https://www.pega.com"
           class="e-bolt-text-link e-bolt-text-link--reversed-underline e-bolt-text-link--expand-click-target"
        >
          Teaser headline
          <span class="e-bolt-text-link__icon-after"
                aria-hidden="true"
          >
            <bolt-icon name="chevron-right"
                       aria-hidden="true"
            >
              <span class="c-bolt-icon c-bolt-icon--chevron-right">
                <svg class="c-bolt-icon__icon"
                     xmlns="http://www.w3.org/2000/svg"
                     viewbox="0 0 32 32"
                >
                  <path fill="var(--bolt-theme-icon, currentColor)"
                        fill-rule="evenodd"
                        d="M13 7c-.6-.5-1.4-.5-2 0-.5.6-.5 1.4 0 2l7.1 7-7 7a1.3 1.3 0 00.9 2.3c.3 0 .7-.1 1-.4l8-8c.5-.5.5-1.3 0-1.8l-8-8z"
                  >
                  </path>
                </svg>
              </span>
            </bolt-icon>
          </span>
        </a>
      </h2>
    </div>
    <div class="c-bolt-teaser__eyebrow">
      <p class="c-bolt-eyebrow c-bolt-eyebrow--regular">
        Featured
      </p>
    </div>
    <div class="c-bolt-teaser__actions-and-views">
      <div class="c-bolt-teaser__views">
        <bolt-icon name="eye"
                   aria-hidden="true"
        >
          <span class="c-bolt-icon c-bolt-icon--eye">
            <svg class="c-bolt-icon__icon"
                 xmlns="http://www.w3.org/2000/svg"
                 viewbox="0 0 24 24"
            >
              <g fill="none"
                 fill-rule="evenodd"
              >
                <path>
                </path>
                <path fill="var(--bolt-theme-icon, currentColor)"
                      d="M19.4 12.4C17 14.8 14.6 16 12 16c-2.6 0-5-1.2-7.4-3.6A18.8 18.8 0 012.1 9c.4-.7 1.3-2 2.5-3.4C7 3.2 9.4 2 12 2c2.6 0 5 1.2 7.4 3.6A19 19 0 0121.9 9c-.4.7-1.3 2-2.5 3.4m4.5-3.8c0-.1-1.1-2.2-3-4.3A12.2 12.2 0 0012 0C8.9 0 5.8 1.5 3.1 4.3c-2 2.1-3 4.2-3 4.3a1 1 0 000 .9s1 2.1 3 4.2C5.8 16.5 9 18 12 18c3.1 0 6.2-1.5 8.9-4.3 1.9-2.1 3-4.2 3-4.3a1 1 0 000-.8"
                      mask="url(#mask-2)"
                      transform="translate(0 3)"
                >
                </path>
                <path fill="var(--bolt-theme-icon, currentColor)"
                      d="M12 14a2 2 0 01-2-2c0-1.1.9-2 2-2a2 2 0 012 2 2 2 0 01-2 2m0-6a4 4 0 100 8 4 4 0 000-8"
                >
                </path>
              </g>
            </svg>
          </span>
        </bolt-icon>
        28k views
      </div>
    </div>
    <div class="c-bolt-teaser__description ">
      Aliqua voluptate amet do laborum culpa tempor consectetur culpa consectetur ea. Ea officia quis do enim.
    </div>
  </div>
</article>
`;

exports[`Twig usage basic usage 1`] = `
<article class="js-bolt-target-teaser c-bolt-teaser c-bolt-teaser--responsive c-bolt-teaser--gutter-large">
  <div class="c-bolt-teaser__signifier">
    <div class="c-bolt-teaser__signifier-image">
      <bolt-image ratio="1280/720"
                  placeholder-color="hsl(233, 33%, 97%)"
                  placeholder-image="data:image/gif;base64,R0lGODlhAQABAAAAACH5BAEKAAEALAAAAAABAAEAAAICTAEAOw=="
                  style="background-color: hsl(233, 33%, 97%);"
                  src="/fixtures/promo-16x9-ai.jpg"
                  alt="Alt text."
                  srcset="/fixtures/promo-16x9-ai-50.jpg 50w, /fixtures/promo-16x9-ai-100.jpg 100w, /fixtures/promo-16x9-ai-200.jpg 200w, /fixtures/promo-16x9-ai-320.jpg 320w, /fixtures/promo-16x9-ai-480.jpg 480w, /fixtures/promo-16x9-ai-640.jpg 640w, /fixtures/promo-16x9-ai-800.jpg 800w, /fixtures/promo-16x9-ai-1024.jpg 1024w, /fixtures/promo-16x9-ai.jpg 1280w"
      >
        <bolt-ratio ratio="16/9">
          <ssr-keep for="bolt-ratio"
                    class="c-bolt-ratio"
                    style="padding-bottom: calc((9 / 16) * 100%); --aspect-ratio: 1.7777777777778;"
          >
            <img class="c-bolt-image__image-placeholder"
                 alt="Alt text."
                 src="data:image/gif;base64,R0lGODlhAQABAAAAACH5BAEKAAEALAAAAAABAAEAAAICTAEAOw=="
            >
            <img class="c-bolt-image__image c-bolt-image__lazyload c-bolt-image__lazyload--fade c-bolt-image__lazyload--blur js-lazyload"
                 alt="Alt text."
                 data-srcset="/fixtures/promo-16x9-ai-50.jpg 50w, /fixtures/promo-16x9-ai-100.jpg 100w, /fixtures/promo-16x9-ai-200.jpg 200w, /fixtures/promo-16x9-ai-320.jpg 320w, /fixtures/promo-16x9-ai-480.jpg 480w, /fixtures/promo-16x9-ai-640.jpg 640w, /fixtures/promo-16x9-ai-800.jpg 800w, /fixtures/promo-16x9-ai-1024.jpg 1024w, /fixtures/promo-16x9-ai.jpg 1280w"
                 data-sizes="auto"
                 srcset="data:image/gif;base64,R0lGODlhAQABAAAAACH5BAEKAAEALAAAAAABAAEAAAICTAEAOw=="
                 src="/fixtures/promo-16x9-ai.jpg"
            >
            <noscript>
              <img class="c-bolt-image__image"
                   alt="Alt text."
                   src="/fixtures/promo-16x9-ai.jpg"
                   srcset="/fixtures/promo-16x9-ai-50.jpg 50w, /fixtures/promo-16x9-ai-100.jpg 100w, /fixtures/promo-16x9-ai-200.jpg 200w, /fixtures/promo-16x9-ai-320.jpg 320w, /fixtures/promo-16x9-ai-480.jpg 480w, /fixtures/promo-16x9-ai-640.jpg 640w, /fixtures/promo-16x9-ai-800.jpg 800w, /fixtures/promo-16x9-ai-1024.jpg 1024w, /fixtures/promo-16x9-ai.jpg 1280w"
              >
            </noscript>
          </ssr-keep>
        </bolt-ratio>
      </bolt-image>
    </div>
    <div class="c-bolt-teaser__signifier-time">
      10 min read
    </div>
    <div class="c-bolt-teaser__signifier-locked">
      <bolt-icon name="lock-solid"
                 aria-hidden="true"
      >
        <span class="c-bolt-icon c-bolt-icon--lock-solid">
          <svg class="c-bolt-icon__icon"
               xmlns="http://www.w3.org/2000/svg"
               viewbox="0 0 24 24"
          >
            <path fill="var(--bolt-theme-icon, currentColor)"
                  d="M18.4 10h-.6V7a6 6 0 00-5.9-5.9 6 6 0 00-6 5.8v3h-.3a2 2 0 00-2 2v9c0 1.1.9 2 2 2h12.7a2 2 0 002-2v-9c.1-1-.8-1.9-1.9-1.9zm-2.8 0H8V7a3.8 3.8 0 117.6 0v3z"
            >
            </path>
          </svg>
        </span>
      </bolt-icon>
    </div>
  </div>
  <div class="c-bolt-teaser__content">
    <div class="c-bolt-teaser__headline">
      <h2 class="c-bolt-headline c-bolt-headline--bold c-bolt-headline--xlarge">
        <a href="https://www.pega.com"
           class="e-bolt-text-link e-bolt-text-link--reversed-underline e-bolt-text-link--expand-click-target"
        >
          Teaser headline
          <span class="e-bolt-text-link__icon-after"
                aria-hidden="true"
          >
            <bolt-icon name="chevron-right"
                       aria-hidden="true"
            >
              <span class="c-bolt-icon c-bolt-icon--chevron-right">
                <svg class="c-bolt-icon__icon"
                     xmlns="http://www.w3.org/2000/svg"
                     viewbox="0 0 32 32"
                >
                  <path fill="var(--bolt-theme-icon, currentColor)"
                        fill-rule="evenodd"
                        d="M13 7c-.6-.5-1.4-.5-2 0-.5.6-.5 1.4 0 2l7.1 7-7 7a1.3 1.3 0 00.9 2.3c.3 0 .7-.1 1-.4l8-8c.5-.5.5-1.3 0-1.8l-8-8z"
                  >
                  </path>
                </svg>
              </span>
            </bolt-icon>
          </span>
        </a>
      </h2>
    </div>
    <div class="c-bolt-teaser__eyebrow">
      <p class="c-bolt-eyebrow c-bolt-eyebrow--regular">
        Featured
      </p>
    </div>
    <div class="c-bolt-teaser__actions-and-views">
      <div class="c-bolt-teaser__views">
        <bolt-icon name="eye"
                   aria-hidden="true"
        >
          <span class="c-bolt-icon c-bolt-icon--eye">
            <svg class="c-bolt-icon__icon"
                 xmlns="http://www.w3.org/2000/svg"
                 viewbox="0 0 24 24"
            >
              <g fill="none"
                 fill-rule="evenodd"
              >
                <path>
                </path>
                <path fill="var(--bolt-theme-icon, currentColor)"
                      d="M19.4 12.4C17 14.8 14.6 16 12 16c-2.6 0-5-1.2-7.4-3.6A18.8 18.8 0 012.1 9c.4-.7 1.3-2 2.5-3.4C7 3.2 9.4 2 12 2c2.6 0 5 1.2 7.4 3.6A19 19 0 0121.9 9c-.4.7-1.3 2-2.5 3.4m4.5-3.8c0-.1-1.1-2.2-3-4.3A12.2 12.2 0 0012 0C8.9 0 5.8 1.5 3.1 4.3c-2 2.1-3 4.2-3 4.3a1 1 0 000 .9s1 2.1 3 4.2C5.8 16.5 9 18 12 18c3.1 0 6.2-1.5 8.9-4.3 1.9-2.1 3-4.2 3-4.3a1 1 0 000-.8"
                      mask="url(#mask-2)"
                      transform="translate(0 3)"
                >
                </path>
                <path fill="var(--bolt-theme-icon, currentColor)"
                      d="M12 14a2 2 0 01-2-2c0-1.1.9-2 2-2a2 2 0 012 2 2 2 0 01-2 2m0-6a4 4 0 100 8 4 4 0 000-8"
                >
                </path>
              </g>
            </svg>
          </span>
        </bolt-icon>
        28k views
      </div>
      <ul class="c-bolt-teaser__action-list">
        <li class="c-bolt-teaser__action-list-item">
          <button type="button"
                  class="js-bolt-like-button e-bolt-text-link e-bolt-text-link--reversed-underline"
          >
            <span class="e-bolt-text-link__icon-before"
                  aria-hidden="true"
            >
              <bolt-icon name="heart-open"
                         aria-hidden="true"
              >
                <span class="c-bolt-icon c-bolt-icon--heart-open">
                  <svg class="c-bolt-icon__icon"
                       xmlns="http://www.w3.org/2000/svg"
                       baseprofile="full"
                       viewbox="0 0 24 24"
                  >
                    <path fill="var(--bolt-theme-icon, currentColor)"
                          d="M16.5 5c2 0 3.5 1.5 3.5 3.5 0 2.9-3.1 5.7-7.9 10.1H12l-.1-.1C6.9 14 3.7 11.1 4 8c.1-.7.4-1.4.9-1.9 1.6-1.7 4.2-1.3 5.6.3l1.2 1.4c.2.2.5.2.7 0l1.2-1.4c.7-.9 1.8-1.4 2.9-1.4m0-2A6 6 0 0012 5.1 6 6 0 007.5 3 5.4 5.4 0 002 8.5c0 3.8 3.4 6.9 8.6 11.5l1.4 1.3 1.4-1.3c5.1-4.7 8.6-7.8 8.6-11.5C22 5.4 19.6 3 16.5 3z"
                    >
                    </path>
                  </svg>
                </span>
              </bolt-icon>
            </span>
            Like
          </button>
        </li>
        <li class="c-bolt-teaser__action-list-item">
          <bolt-popover spacing="none"
                        boundary=".js-bolt-target-teaser"
                        uuid="12345"
          >
            <button type="button"
                    class="e-bolt-text-link e-bolt-text-link--reversed-underline"
            >
              <span class="e-bolt-text-link__icon-before"
                    aria-hidden="true"
              >
                <bolt-icon name="share"
                           aria-hidden="true"
                >
                  <span class="c-bolt-icon c-bolt-icon--share">
                    <svg class="c-bolt-icon__icon"
                         xmlns="http://www.w3.org/2000/svg"
                         data-name="Layer 1"
                         viewbox="0 0 28 30"
                    >
                      <path fill="var(--bolt-theme-icon, currentColor)"
                            d="M22 18a6 6 0 00-4.8 2.4L12 17.3A6.2 6.2 0 0012 16a6 6 0 00-.3-1.8l6.4-3.7A6 6 0 0022 12a6 6 0 10-6-6 6.4 6.4 0 00.1 1l-6.8 4A6 6 0 106 22a6 6 0 003.7-1.3l6.3 3.6a6 6 0 106-6.3zm0-14a2 2 0 11-2 2 2 2 0 012-2zM6 18a2 2 0 112-2 2 2 0 01-2 2zm16 8a2 2 0 112-2 2 2 0 01-2 2z"
                      >
                      </path>
                    </svg>
                  </span>
                </bolt-icon>
              </span>
              Share
            </button>
            <span slot="content">
              <bolt-share size="medium"
                          opacity="100"
                          align="start"
                          display="menu"
              >
                <div class="c-bolt-share c-bolt-share--opacity-100">
                  <bolt-menu spacing="medium"
                             role="menu"
                  >
                    <div role="presentation"
                         class="c-bolt-menu c-bolt-menu--spacing-medium"
                    >
                      <ssr-keep for="bolt-menu"
                                class="c-bolt-menu__title c-bolt-menu__title--spacing-medium"
                      >
                        <span slot="title">
                          Share this content
                        </span>
                      </ssr-keep>
                      <ssr-keep for="bolt-menu"
                                role="presentation"
                      >
                        <bolt-menu-item target="_blank"
                                        url="https://www.facebook.com/sharer/sharer.php?u=https://pega.com&amp;amp;src=sdkpreparse"
                                        role="presentation"
                        >
                          <bolt-trigger class="js-bolt-share__link--facebook"
                                        target="_blank"
                                        role="menuitem"
                                        url="https://www.facebook.com/sharer/sharer.php?u=https://pega.com&amp;amp;src=sdkpreparse"
                                        display="block"
                                        no-outline
                          >
                            <a href="https://www.facebook.com/sharer/sharer.php?u=https://pega.com&amp;amp;src=sdkpreparse"
                               target="_blank"
                               class="c-bolt-trigger c-bolt-trigger--display-block c-bolt-trigger--cursor-pointer c-bolt-trigger--outline-none"
                               is="shadow-root"
                            >
                              <ssr-keep for="bolt-menu-item"
                                        role="presentation"
                                        class="c-bolt-menu-item"
                              >
                                <replace-with-children class="c-bolt-menu-item__icon-before"
                                                       aria-hidden="true"
                                >
                                  <span slot="icon-before">
                                    <bolt-icon name="facebook-solid"
                                               size="small"
                                               aria-hidden="true"
                                    >
                                      <span class="c-bolt-icon c-bolt-icon--facebook-solid c-bolt-icon--small">
                                        <svg class="c-bolt-icon__icon c-bolt-icon__icon--small"
                                             xmlns="http://www.w3.org/2000/svg"
                                             data-name="Layer 1"
                                             viewbox="0 0 32 32"
                                        >
                                          <path fill="var(--bolt-theme-icon, currentColor)"
                                                d="M26 0a6 6 0 016 6v20a6 6 0 01-6 6h-4V19.6h4.2l.6-4.8h-4.7v-3.1c0-1.4.4-2.3 2.4-2.3H27V5a33.8 33.8 0 00-3.7-.2c-3.7 0-6.2 2.3-6.2 6.4v3.6h-4.2v4.8h4.2V32H6a6 6 0 01-6-6V6a6 6 0 016-6z"
                                          >
                                          </path>
                                        </svg>
                                      </span>
                                    </bolt-icon>
                                  </span>
                                </replace-with-children>
                                Share via Facebook
                              </ssr-keep>
                            </a>
                          </bolt-trigger>
                        </bolt-menu-item>
                        <bolt-menu-item target="_blank"
                                        url="https://twitter.com/intent/tweet?url=https://pega.com&amp;text=Sample%20Share%20Text&amp;via=pega&amp;hashtags=boltDesignSystemRocks!"
                                        role="presentation"
                        >
                          <bolt-trigger class="js-bolt-share__link--twitter"
                                        target="_blank"
                                        role="menuitem"
                                        url="https://twitter.com/intent/tweet?url=https://pega.com&amp;text=Sample%20Share%20Text&amp;via=pega&amp;hashtags=boltDesignSystemRocks!"
                                        display="block"
                                        no-outline
                          >
                            <a href="https://twitter.com/intent/tweet?url=https://pega.com&amp;text=Sample%20Share%20Text&amp;via=pega&amp;hashtags=boltDesignSystemRocks!"
                               target="_blank"
                               class="c-bolt-trigger c-bolt-trigger--display-block c-bolt-trigger--cursor-pointer c-bolt-trigger--outline-none"
                               is="shadow-root"
                            >
                              <ssr-keep for="bolt-menu-item"
                                        role="presentation"
                                        class="c-bolt-menu-item"
                              >
                                <replace-with-children class="c-bolt-menu-item__icon-before"
                                                       aria-hidden="true"
                                >
                                  <span slot="icon-before">
                                    <bolt-icon name="twitter"
                                               size="small"
                                               aria-hidden="true"
                                    >
                                      <span class="c-bolt-icon c-bolt-icon--twitter c-bolt-icon--small">
                                        <svg class="c-bolt-icon__icon c-bolt-icon__icon--small"
                                             xmlns="http://www.w3.org/2000/svg"
                                             data-name="Layer 1"
                                             viewbox="0 0 32 26"
                                        >
                                          <path fill="var(--bolt-theme-icon, currentColor)"
                                                d="M32 3a14 14 0 01-3.3 3.5v.8C28.7 16 22.1 26 10.1 26A18.5 18.5 0 010 23a13.8 13.8 0 001.6.1 13.1 13.1 0 008.1-2.8 6.6 6.6 0 01-6.1-4.5 8.5 8.5 0 001.2 0 7 7 0 001.8-.1 6.6 6.6 0 01-5.3-6.5 6.5 6.5 0 003 .8 6.6 6.6 0 01-2-8.8 18.6 18.6 0 0013.5 6.9 7.4 7.4 0 01-.1-1.5A6.6 6.6 0 0122 0 6.5 6.5 0 0127 2 13 13 0 0031.1.6 6.6 6.6 0 0128.2 4a13 13 0 003.8-1z"
                                          >
                                          </path>
                                        </svg>
                                      </span>
                                    </bolt-icon>
                                  </span>
                                </replace-with-children>
                                Share via Twitter
                              </ssr-keep>
                            </a>
                          </bolt-trigger>
                        </bolt-menu-item>
                        <bolt-menu-item target="_blank"
                                        url="https://www.linkedin.com/shareArticle?url=https://pega.com"
                                        role="presentation"
                        >
                          <bolt-trigger class="js-bolt-share__link--linkedin"
                                        target="_blank"
                                        role="menuitem"
                                        url="https://www.linkedin.com/shareArticle?url=https://pega.com"
                                        display="block"
                                        no-outline
                          >
                            <a href="https://www.linkedin.com/shareArticle?url=https://pega.com"
                               target="_blank"
                               class="c-bolt-trigger c-bolt-trigger--display-block c-bolt-trigger--cursor-pointer c-bolt-trigger--outline-none"
                               is="shadow-root"
                            >
                              <ssr-keep for="bolt-menu-item"
                                        role="presentation"
                                        class="c-bolt-menu-item"
                              >
                                <replace-with-children class="c-bolt-menu-item__icon-before"
                                                       aria-hidden="true"
                                >
                                  <span slot="icon-before">
                                    <bolt-icon name="linkedin"
                                               size="small"
                                               aria-hidden="true"
                                    >
                                      <span class="c-bolt-icon c-bolt-icon--linkedin c-bolt-icon--small">
                                        <svg class="c-bolt-icon__icon c-bolt-icon__icon--small"
                                             xmlns="http://www.w3.org/2000/svg"
                                             data-name="Layer 1"
                                             viewbox="0 0 32 30.6"
                                        >
                                          <path fill="var(--bolt-theme-icon, currentColor)"
                                                d="M7.3 10v20.6H.4V9.9zm.4-6.4A3.6 3.6 0 013.8 7a3.6 3.6 0 110-7.1 3.5 3.5 0 014 3.6zM32 18.8v11.8h-6.9v-11c0-2.8-1-4.7-3.4-4.7a3.8 3.8 0 00-3.6 2.5 5.1 5.1 0 00-.2 1.7v11.5h-6.8V9.9h6.8v3A6.8 6.8 0 0124 9.5c4.5 0 7.9 3 7.9 9.3z"
                                          >
                                          </path>
                                        </svg>
                                      </span>
                                    </bolt-icon>
                                  </span>
                                </replace-with-children>
                                Share via LinkedIn
                              </ssr-keep>
                            </a>
                          </bolt-trigger>
                        </bolt-menu-item>
                        <bolt-menu-item target="_blank"
                                        url="mailto:?&amp;body=Sample%20Text%20--%20https%3A//pega.com"
                                        role="presentation"
                        >
                          <bolt-trigger class="js-bolt-share__link--email"
                                        target="_blank"
                                        role="menuitem"
                                        url="mailto:?&amp;body=Sample%20Text%20--%20https%3A//pega.com"
                                        display="block"
                                        no-outline
                          >
                            <a href="mailto:?&amp;body=Sample%20Text%20--%20https%3A//pega.com"
                               target="_blank"
                               class="c-bolt-trigger c-bolt-trigger--display-block c-bolt-trigger--cursor-pointer c-bolt-trigger--outline-none"
                               is="shadow-root"
                            >
                              <ssr-keep for="bolt-menu-item"
                                        role="presentation"
                                        class="c-bolt-menu-item"
                              >
                                <replace-with-children class="c-bolt-menu-item__icon-before"
                                                       aria-hidden="true"
                                >
                                  <span slot="icon-before">
                                    <bolt-icon name="email"
                                               size="small"
                                               aria-hidden="true"
                                    >
                                      <span class="c-bolt-icon c-bolt-icon--email c-bolt-icon--small">
                                        <svg class="c-bolt-icon__icon c-bolt-icon__icon--small"
                                             xmlns="http://www.w3.org/2000/svg"
                                             viewbox="0 0 24 24"
                                        >
                                          <g fill="none"
                                             fill-rule="evenodd"
                                          >
                                            <path>
                                            </path>
                                            <path fill="var(--bolt-theme-icon, currentColor)"
                                                  d="M20 19H4a1 1 0 01-1-1V8l8.4 5.8.6.2c.2 0 .4 0 .6-.2L21 8V18c0 .6-.4 1-1 1zM4 5h16c.4 0 .7.2.9.6L12 11.8 3.1 5.6c.2-.4.5-.6.9-.6zm19 1a3 3 0 00-3-3H4a3 3 0 00-3 3v12a3 3 0 003 3h16a3 3 0 003-3V6z"
                                            >
                                            </path>
                                          </g>
                                        </svg>
                                      </span>
                                    </bolt-icon>
                                  </span>
                                </replace-with-children>
                                Share via Email
                              </ssr-keep>
                            </a>
                          </bolt-trigger>
                        </bolt-menu-item>
                        <bolt-copy-to-clipboard role="menu-item">
                          <span class="c-bolt-copy-to-clipboard js-bolt-copy-to-clipboard">
                            <button class="c-bolt-copy-to-clipboard__trigger"
                                    data-clipboard-text="https://pega.com"
                            >
                              <span class="c-bolt-menu-item c-bolt-menu-item--spacing-small">
                                <span class="c-bolt-menu-item__icon-before"
                                      aria-hidden="true"
                                >
                                  <bolt-icon name="asset-link"
                                             size="small"
                                             aria-hidden="true"
                                  >
                                    <span class="c-bolt-icon c-bolt-icon--asset-link c-bolt-icon--small">
                                      <svg class="c-bolt-icon__icon c-bolt-icon__icon--small"
                                           xmlns="http://www.w3.org/2000/svg"
                                           viewbox="0 0 24 24"
                                      >
                                        <g fill="none"
                                           fill-rule="evenodd"
                                        >
                                          <path fill="var(--bolt-theme-icon, currentColor)"
                                                d="M22.7 3.2l-1.9-2a4 4 0 00-3-1.2c-1.2 0-2.2.4-3 1.2l-2 2c-.3.3-.5.6-.5 1l.4.8c.5.5 1.3.5 1.8 0l2-2c.4-.4.8-.5 1.3-.5s1 .1 1.3.5l2 2c.3.3.5.7.5 1.2s-.2 1-.5 1.3L14.5 14c-.3.4-.8.6-1.4.6-.6 0-1 0-1.3-.4l-.8-.8-.7-.7c-.3-.3-.6-.4-1-.4a1 1 0 00-.7.4c-.3.2-.5.5-.5.8 0 .3.2.6.5 1l1.4 1.4v.3h.4a4 4 0 002.7.8c1 0 1.8-.3 2.5-.8v.1l.4-.3.1-.2 6.7-6.6c.8-.8 1.2-1.8 1.2-3a4 4 0 00-1.3-3M11.3 18.9c.3.3.4.6.4 1 0 .2-.1.5-.4.8l-2 2a4 4 0 01-3 1.3c-1.2 0-2.2-.4-3-1.2l-2-2a4.2 4.2 0 01-1.3-3 4 4 0 011.2-3L8 8a4 4 0 013-1.3A4 4 0 0114 8l1.5 1.5c.3.3.4.6.4.9 0 .3-.1.6-.4.9-.5.4-1.3.4-1.7 0l-1.6-1.6c-.7-.7-1.8-.7-2.5 0L3 16.5c-.3.3-.5.7-.5 1.2s.2 1 .5 1.3L5 21c.7.7 1.8.7 2.5 0l2-2c.2-.2.5-.4 1-.4l.8.3"
                                                mask="url(#mask-2)"
                                          >
                                          </path>
                                        </g>
                                      </svg>
                                    </span>
                                  </bolt-icon>
                                </span>
                                Copy share link
                              </span>
                            </button>
                            <span class="c-bolt-copy-to-clipboard__transition">
                              <span class="c-bolt-menu-item c-bolt-menu-item--spacing-small">
                                <span class="c-bolt-menu-item__icon-before u-bolt-opacity-0"
                                      aria-hidden="true"
                                >
                                  <bolt-icon name="asset-link"
                                             size="small"
                                             aria-hidden="true"
                                  >
                                    <span class="c-bolt-icon c-bolt-icon--asset-link c-bolt-icon--small">
                                      <svg class="c-bolt-icon__icon c-bolt-icon__icon--small"
                                           xmlns="http://www.w3.org/2000/svg"
                                           viewbox="0 0 24 24"
                                      >
                                        <g fill="none"
                                           fill-rule="evenodd"
                                        >
                                          <path fill="var(--bolt-theme-icon, currentColor)"
                                                d="M22.7 3.2l-1.9-2a4 4 0 00-3-1.2c-1.2 0-2.2.4-3 1.2l-2 2c-.3.3-.5.6-.5 1l.4.8c.5.5 1.3.5 1.8 0l2-2c.4-.4.8-.5 1.3-.5s1 .1 1.3.5l2 2c.3.3.5.7.5 1.2s-.2 1-.5 1.3L14.5 14c-.3.4-.8.6-1.4.6-.6 0-1 0-1.3-.4l-.8-.8-.7-.7c-.3-.3-.6-.4-1-.4a1 1 0 00-.7.4c-.3.2-.5.5-.5.8 0 .3.2.6.5 1l1.4 1.4v.3h.4a4 4 0 002.7.8c1 0 1.8-.3 2.5-.8v.1l.4-.3.1-.2 6.7-6.6c.8-.8 1.2-1.8 1.2-3a4 4 0 00-1.3-3M11.3 18.9c.3.3.4.6.4 1 0 .2-.1.5-.4.8l-2 2a4 4 0 01-3 1.3c-1.2 0-2.2-.4-3-1.2l-2-2a4.2 4.2 0 01-1.3-3 4 4 0 011.2-3L8 8a4 4 0 013-1.3A4 4 0 0114 8l1.5 1.5c.3.3.4.6.4.9 0 .3-.1.6-.4.9-.5.4-1.3.4-1.7 0l-1.6-1.6c-.7-.7-1.8-.7-2.5 0L3 16.5c-.3.3-.5.7-.5 1.2s.2 1 .5 1.3L5 21c.7.7 1.8.7 2.5 0l2-2c.2-.2.5-.4 1-.4l.8.3"
                                                mask="url(#mask-2)"
                                          >
                                          </path>
                                        </g>
                                      </svg>
                                    </span>
                                  </bolt-icon>
                                </span>
                                Copying...
                              </span>
                            </span>
                            <span class="c-bolt-copy-to-clipboard__confirmation">
                              <span class="c-bolt-menu-item c-bolt-menu-item--spacing-small">
                                <span class="c-bolt-menu-item__icon-before"
                                      aria-hidden="true"
                                >
                                  <bolt-icon name="check"
                                             size="small"
                                             aria-hidden="true"
                                  >
                                    <span class="c-bolt-icon c-bolt-icon--check c-bolt-icon--small">
                                      <svg class="c-bolt-icon__icon c-bolt-icon__icon--small"
                                           xmlns="http://www.w3.org/2000/svg"
                                           viewbox="0 0 24 24"
                                      >
                                        <g fill="none"
                                           fill-rule="evenodd"
                                        >
                                          <path>
                                          </path>
                                          <path fill="var(--bolt-theme-icon, currentColor)"
                                                d="M19.3 6.3L9 16.6l-4.3-4.3a1 1 0 00-1.4 0 1 1 0 000 1.4l5 5a1 1 0 001.4 0l11-11c.4-.4.4-1 0-1.4a1 1 0 00-1.4 0z"
                                          >
                                          </path>
                                        </g>
                                      </svg>
                                    </span>
                                  </bolt-icon>
                                </span>
                                Copied!
                              </span>
                            </span>
                          </span>
                        </bolt-copy-to-clipboard>
                      </ssr-keep>
                    </div>
                  </bolt-menu>
                </div>
              </bolt-share>
            </span>
          </bolt-popover>
        </li>
      </ul>
    </div>
    <div class="c-bolt-teaser__description ">
      Aliqua voluptate amet do laborum culpa tempor consectetur culpa consectetur ea. Ea officia quis do enim.
    </div>
  </div>
</article>
`;
