// Jest Snapshot v1, https://goo.gl/fbAQLP

exports[`<bolt-menu> Component basic usage 1`] = `
<bolt-menu role="menu">
  <div role="presentation"
       class="c-bolt-menu c-bolt-menu--spacing-small"
  >
    <ssr-keep for="bolt-menu"
              class="c-bolt-menu__title c-bolt-menu__title--spacing-small"
    >
      <span slot="title">
        Menu title
      </span>
    </ssr-keep>
    <ssr-keep for="bolt-menu"
              role="presentation"
    >
      <bolt-menu-item role="presentation">
        <bolt-trigger role="menuitem"
                      display="block"
                      no-outline
        >
          <button type="button"
                  class="c-bolt-trigger c-bolt-trigger--display-block c-bolt-trigger--cursor-pointer c-bolt-trigger--outline-none"
                  is="shadow-root"
          >
            <ssr-keep for="bolt-menu-item"
                      role="presentation"
                      class="c-bolt-menu-item"
            >
              Menu item 1
            </ssr-keep>
          </button>
        </bolt-trigger>
      </bolt-menu-item>
      <bolt-menu-item url="https://google.com"
                      role="presentation"
      >
        <bolt-trigger role="menuitem"
                      url="https://google.com"
                      display="block"
                      no-outline
        >
          <a href="https://google.com"
             target="_self"
             class="c-bolt-trigger c-bolt-trigger--display-block c-bolt-trigger--cursor-pointer c-bolt-trigger--outline-none"
             is="shadow-root"
          >
            <ssr-keep for="bolt-menu-item"
                      role="presentation"
                      class="c-bolt-menu-item"
            >
              Menu item 2
            </ssr-keep>
          </a>
        </bolt-trigger>
      </bolt-menu-item>
      <bolt-menu-item role="presentation">
        <bolt-trigger role="menuitem"
                      display="block"
                      no-outline
        >
          <button type="button"
                  class="c-bolt-trigger c-bolt-trigger--display-block c-bolt-trigger--cursor-pointer c-bolt-trigger--outline-none"
                  is="shadow-root"
          >
            <ssr-keep for="bolt-menu-item"
                      role="presentation"
                      class="c-bolt-menu-item"
            >
              Menu item 2
            </ssr-keep>
          </button>
        </bolt-trigger>
      </bolt-menu-item>
    </ssr-keep>
  </div>
</bolt-menu>
`;

exports[`<bolt-menu> Component menu item spacing: medium 1`] = `
<bolt-menu spacing="medium"
           role="menu"
>
  <div role="presentation"
       class="c-bolt-menu c-bolt-menu--spacing-medium"
  >
    <ssr-keep for="bolt-menu"
              role="presentation"
    >
      <bolt-menu-item role="presentation">
        <bolt-trigger role="menuitem"
                      display="block"
                      no-outline
        >
          <button type="button"
                  class="c-bolt-trigger c-bolt-trigger--display-block c-bolt-trigger--cursor-pointer c-bolt-trigger--outline-none"
                  is="shadow-root"
          >
            <ssr-keep for="bolt-menu-item"
                      role="presentation"
                      class="c-bolt-menu-item"
            >
              Menu item 1
            </ssr-keep>
          </button>
        </bolt-trigger>
      </bolt-menu-item>
      <bolt-menu-item role="presentation">
        <bolt-trigger role="menuitem"
                      display="block"
                      no-outline
        >
          <button type="button"
                  class="c-bolt-trigger c-bolt-trigger--display-block c-bolt-trigger--cursor-pointer c-bolt-trigger--outline-none"
                  is="shadow-root"
          >
            <ssr-keep for="bolt-menu-item"
                      role="presentation"
                      class="c-bolt-menu-item"
            >
              Menu item 2
            </ssr-keep>
          </button>
        </bolt-trigger>
      </bolt-menu-item>
      <bolt-menu-item role="presentation">
        <bolt-trigger role="menuitem"
                      display="block"
                      no-outline
        >
          <button type="button"
                  class="c-bolt-trigger c-bolt-trigger--display-block c-bolt-trigger--cursor-pointer c-bolt-trigger--outline-none"
                  is="shadow-root"
          >
            <ssr-keep for="bolt-menu-item"
                      role="presentation"
                      class="c-bolt-menu-item"
            >
              Menu item 2
            </ssr-keep>
          </button>
        </bolt-trigger>
      </bolt-menu-item>
    </ssr-keep>
  </div>
</bolt-menu>
`;

exports[`<bolt-menu> Component menu item spacing: small 1`] = `
<bolt-menu spacing="small"
           role="menu"
>
  <div role="presentation"
       class="c-bolt-menu c-bolt-menu--spacing-small"
  >
    <ssr-keep for="bolt-menu"
              role="presentation"
    >
      <bolt-menu-item role="presentation">
        <bolt-trigger role="menuitem"
                      display="block"
                      no-outline
        >
          <button type="button"
                  class="c-bolt-trigger c-bolt-trigger--display-block c-bolt-trigger--cursor-pointer c-bolt-trigger--outline-none"
                  is="shadow-root"
          >
            <ssr-keep for="bolt-menu-item"
                      role="presentation"
                      class="c-bolt-menu-item"
            >
              Menu item 1
            </ssr-keep>
          </button>
        </bolt-trigger>
      </bolt-menu-item>
      <bolt-menu-item role="presentation">
        <bolt-trigger role="menuitem"
                      display="block"
                      no-outline
        >
          <button type="button"
                  class="c-bolt-trigger c-bolt-trigger--display-block c-bolt-trigger--cursor-pointer c-bolt-trigger--outline-none"
                  is="shadow-root"
          >
            <ssr-keep for="bolt-menu-item"
                      role="presentation"
                      class="c-bolt-menu-item"
            >
              Menu item 2
            </ssr-keep>
          </button>
        </bolt-trigger>
      </bolt-menu-item>
      <bolt-menu-item role="presentation">
        <bolt-trigger role="menuitem"
                      display="block"
                      no-outline
        >
          <button type="button"
                  class="c-bolt-trigger c-bolt-trigger--display-block c-bolt-trigger--cursor-pointer c-bolt-trigger--outline-none"
                  is="shadow-root"
          >
            <ssr-keep for="bolt-menu-item"
                      role="presentation"
                      class="c-bolt-menu-item"
            >
              Menu item 2
            </ssr-keep>
          </button>
        </bolt-trigger>
      </bolt-menu-item>
    </ssr-keep>
  </div>
</bolt-menu>
`;

exports[`<bolt-menu> Component menu item spacing: xsmall 1`] = `
<bolt-menu spacing="xsmall"
           role="menu"
>
  <div role="presentation"
       class="c-bolt-menu c-bolt-menu--spacing-xsmall"
  >
    <ssr-keep for="bolt-menu"
              role="presentation"
    >
      <bolt-menu-item role="presentation">
        <bolt-trigger role="menuitem"
                      display="block"
                      no-outline
        >
          <button type="button"
                  class="c-bolt-trigger c-bolt-trigger--display-block c-bolt-trigger--cursor-pointer c-bolt-trigger--outline-none"
                  is="shadow-root"
          >
            <ssr-keep for="bolt-menu-item"
                      role="presentation"
                      class="c-bolt-menu-item"
            >
              Menu item 1
            </ssr-keep>
          </button>
        </bolt-trigger>
      </bolt-menu-item>
      <bolt-menu-item role="presentation">
        <bolt-trigger role="menuitem"
                      display="block"
                      no-outline
        >
          <button type="button"
                  class="c-bolt-trigger c-bolt-trigger--display-block c-bolt-trigger--cursor-pointer c-bolt-trigger--outline-none"
                  is="shadow-root"
          >
            <ssr-keep for="bolt-menu-item"
                      role="presentation"
                      class="c-bolt-menu-item"
            >
              Menu item 2
            </ssr-keep>
          </button>
        </bolt-trigger>
      </bolt-menu-item>
      <bolt-menu-item role="presentation">
        <bolt-trigger role="menuitem"
                      display="block"
                      no-outline
        >
          <button type="button"
                  class="c-bolt-trigger c-bolt-trigger--display-block c-bolt-trigger--cursor-pointer c-bolt-trigger--outline-none"
                  is="shadow-root"
          >
            <ssr-keep for="bolt-menu-item"
                      role="presentation"
                      class="c-bolt-menu-item"
            >
              Menu item 2
            </ssr-keep>
          </button>
        </bolt-trigger>
      </bolt-menu-item>
    </ssr-keep>
  </div>
</bolt-menu>
`;
