// Jest Snapshot v1, https://goo.gl/fbAQLP

exports[`link Default <bolt-link> w/o Shadow DOM renders 1`] = `
<div>
  <bolt-link url="http://pega.com"
             no-shadow
  >
    <a href="http://pega.com"
       target="_self"
       class="c-bolt-link c-bolt-link--display-inline c-bolt-link--valign-center"
    >
      <slot name="before">
      </slot>
      <span class="c-bolt-link__text">
        This is a link
      </span>
      <slot name="after">
      </slot>
    </a>
  </bolt-link>
</div>
`;

exports[`link Default <bolt-link> w/o Shadow DOM renders 2`] = `
<div
  style=""
>
  <bolt-link
    no-shadow=""
    style=""
    url="http://pega.com"
  >
    <!---->
    <!---->
  </bolt-link>
  <a
    class="c-bolt-link c-bolt-link--display-inline c-bolt-link--valign-center"
    href="http://pega.com"
    style=""
    target="_self"
  >
    <!---->
    <!---->
    <slot
      name="before"
      style=""
    />
    <!---->
    <span
      class="c-bolt-link__text"
      style=""
    >
      <!---->
      <!---->
      This is a link
      <!---->
      <!---->
    </span>
    <!---->
    <slot
      name="after"
      style=""
    />
    <!---->
    <!---->
  </a>
  <!---->
  <!---->
</div>
`;

exports[`link Default <bolt-link> w/o Shadow DOM renders and without url prop 1`] = `
<div>
  <bolt-link no-shadow>
    <button class="c-bolt-link c-bolt-link--display-inline c-bolt-link--valign-center">
      <slot name="before">
      </slot>
      <span class="c-bolt-link__text">
        This is a link without url prop
      </span>
      <slot name="after">
      </slot>
    </button>
  </bolt-link>
</div>
`;

exports[`link Default <bolt-link> w/o Shadow DOM renders and without url prop 2`] = `
<div
  style=""
>
  <bolt-link
    no-shadow=""
    style=""
  >
    <!---->
    <!---->
  </bolt-link>
  <button
    class="c-bolt-link c-bolt-link--display-inline c-bolt-link--valign-center"
    style=""
  >
    <!---->
    <!---->
    <slot
      name="before"
      style=""
    />
    <!---->
    <span
      class="c-bolt-link__text"
      style=""
    >
      <!---->
      <!---->
      This is a link without url prop
      <!---->
      <!---->
    </span>
    <!---->
    <slot
      name="after"
      style=""
    />
    <!---->
    <!---->
  </button>
  <!---->
  <!---->
</div>
`;

exports[`link Default <bolt-link> with Shadow DOM renders 1`] = `
<a href="http://pega.com"
   target="_self"
   class="c-bolt-link c-bolt-link--display-inline c-bolt-link--valign-center"
>
  <slot name="before">
  </slot>
  <span class="c-bolt-link__text">
    <slot>
    </slot>
  </span>
  <slot name="after">
  </slot>
</a>
`;

exports[`link Default <bolt-link> with Shadow DOM renders 2`] = `
<bolt-link url="http://pega.com">
  Link Test -- Outer HTML
</bolt-link>
`;

exports[`link Default <bolt-link> with Shadow DOM renders and without url prop 1`] = `
<button class="c-bolt-link c-bolt-link--display-inline c-bolt-link--valign-center">
  <slot name="before">
  </slot>
  <span class="c-bolt-link__text">
    <slot>
    </slot>
  </span>
  <slot name="after">
  </slot>
</button>
`;

exports[`link Default <bolt-link> with Shadow DOM renders and without url prop 2`] = `
<bolt-link>
  Link Test without url attr -- Outer HTML
</bolt-link>
`;

exports[`link Default <bolt-link> with Shadow DOM renders with no extra whitespace 1`] = `
<div style="font-size: 300%;">
  (
  <bolt-link url="http://pega.com">
    Link Test -- No extra whitespace
  </bolt-link>
  )
</div>
`;

exports[`link Default <bolt-link> with Shadow DOM renders with no extra whitespace 2`] = `
<div
  style="font-size:300%;"
>
  (
  <bolt-link
    style=""
    url="http://pega.com"
  >
    Link Test -- No extra whitespace
  </bolt-link>
  )
</div>
`;

exports[`link Link with an on_click attributes renders properly 1`] = `
<bolt-link on-click="on-click-test"
           url="https://pega.com"
>
  <a href="https://pega.com"
     target="_self"
     class="c-bolt-link c-bolt-link--display-inline c-bolt-link--valign-center"
  >
    <ssr-keep for="bolt-link"
              class="c-bolt-link__text"
    >
      Link w/ on_click via attributes
    </ssr-keep>
  </a>
</bolt-link>
`;

exports[`link Link with an on_click param renders properly 1`] = `
<bolt-link url="https://pega.com"
           on-click="on-click-test"
>
  <a href="https://pega.com"
     target="_self"
     class="c-bolt-link c-bolt-link--display-inline c-bolt-link--valign-center"
  >
    <ssr-keep for="bolt-link"
              class="c-bolt-link__text"
    >
      Link with on_click via param
    </ssr-keep>
  </a>
</bolt-link>
`;

exports[`link Link with c-bolt- class is thrown out 1`] = `
<bolt-link url="https://pega.com">
  <a href="https://pega.com"
     target="_self"
     class="c-bolt-link c-bolt-link--display-inline c-bolt-link--valign-center"
  >
    <ssr-keep for="bolt-link"
              class="c-bolt-link__text"
    >
      Link with outer JS-prefixed class
    </ssr-keep>
  </a>
</bolt-link>
`;

exports[`link Link with inner classes via Drupal Attributes 1`] = `
<bolt-link url="https://pega.com">
  <a href="https://pega.com"
     target="_self"
     class="c-bolt-link c-bolt-link--display-inline c-bolt-link--valign-center is-active"
  >
    <ssr-keep for="bolt-link"
              class="c-bolt-link__text"
    >
      Link with inner classes
    </ssr-keep>
  </a>
</bolt-link>
`;

exports[`link Link with outer JS-class via Drupal Attributes 1`] = `
<bolt-link url="https://pega.com"
           class="js-click-me"
>
  <a href="https://pega.com"
     target="_self"
     class="c-bolt-link c-bolt-link--display-inline c-bolt-link--valign-center"
  >
    <ssr-keep for="bolt-link"
              class="c-bolt-link__text"
    >
      Link with outer JS-prefixed class
    </ssr-keep>
  </a>
</bolt-link>
`;

exports[`link Link with outer classes via Drupal Attributes 1`] = `
<bolt-link url="https://pega.com"
           class="u-bolt-padding-medium"
>
  <a href="https://pega.com"
     target="_self"
     class="c-bolt-link c-bolt-link--display-inline c-bolt-link--valign-center"
  >
    <ssr-keep for="bolt-link"
              class="c-bolt-link__text"
    >
      Link with outer classes
    </ssr-keep>
  </a>
</bolt-link>
`;

exports[`link basic link 1`] = `
<bolt-link url="https://pega.com">
  <a href="https://pega.com"
     target="_self"
     class="c-bolt-link c-bolt-link--display-inline c-bolt-link--valign-center"
  >
    <ssr-keep for="bolt-link"
              class="c-bolt-link__text"
    >
      Hello World
    </ssr-keep>
  </a>
</bolt-link>
`;

exports[`link link display: block 1`] = `
<bolt-link url="https://pega.com"
           display="block"
>
  <a href="https://pega.com"
     target="_self"
     class="c-bolt-link c-bolt-link--display-block c-bolt-link--valign-center"
  >
    <ssr-keep for="bolt-link"
              class="c-bolt-link__text"
    >
      Hello World
    </ssr-keep>
  </a>
</bolt-link>
`;

exports[`link link display: flex 1`] = `
<bolt-link url="https://pega.com"
           display="flex"
>
  <a href="https://pega.com"
     target="_self"
     class="c-bolt-link c-bolt-link--display-flex c-bolt-link--valign-center"
  >
    <ssr-keep for="bolt-link"
              class="c-bolt-link__text"
    >
      Hello World
    </ssr-keep>
  </a>
</bolt-link>
`;

exports[`link link display: inline 1`] = `
<bolt-link url="https://pega.com"
           display="inline"
>
  <a href="https://pega.com"
     target="_self"
     class="c-bolt-link c-bolt-link--display-inline c-bolt-link--valign-center"
  >
    <ssr-keep for="bolt-link"
              class="c-bolt-link__text"
    >
      Hello World
    </ssr-keep>
  </a>
</bolt-link>
`;

exports[`link link valign: center 1`] = `
<bolt-link url="https://pega.com"
           valign="center"
>
  <a href="https://pega.com"
     target="_self"
     class="c-bolt-link c-bolt-link--display-inline c-bolt-link--valign-center"
  >
    <ssr-keep for="bolt-link"
              class="c-bolt-link__text"
    >
      Hello World
    </ssr-keep>
  </a>
</bolt-link>
`;

exports[`link link valign: start 1`] = `
<bolt-link url="https://pega.com"
           valign="start"
>
  <a href="https://pega.com"
     target="_self"
     class="c-bolt-link c-bolt-link--display-inline c-bolt-link--valign-start"
  >
    <ssr-keep for="bolt-link"
              class="c-bolt-link__text"
    >
      Hello World
    </ssr-keep>
  </a>
</bolt-link>
`;
