// Jest Snapshot v1, https://goo.gl/fbAQLP

exports[`<bolt-icon> Component Additional <bolt-icon> with Shadow DOM renders 1`] = `
<span
  class="c-bolt-icon c-bolt-icon--large c-bolt-icon--yeti has-background has-circle-background c-bolt-icon--auto"
  style=""
>
  
        
              
  <span
    class="c-bolt-icon__background-shape c-bolt-icon__background-shape--circle"
    style=""
  />
  
            
        
  <svg
    class="c-bolt-icon__icon c-bolt-icon__icon--large"
    style=""
  >
    
          
    <use
      href="#yeti"
      style=""
    />
    
        
  </svg>
  
      
</span>
`;

exports[`<bolt-icon> Component Additional <bolt-icon> with Shadow DOM renders 2`] = `
<bolt-icon
  background="circle"
  name="yeti"
  size="large"
  style=""
/>
`;

exports[`<bolt-icon> Component Default <bolt-icon> with Shadow DOM renders 1`] = `
<span
  class="c-bolt-icon c-bolt-icon--large c-bolt-icon--add-open has-background has-circle-background c-bolt-icon--auto"
  style=""
>
  
        
              
  <span
    class="c-bolt-icon__background-shape c-bolt-icon__background-shape--circle"
    style=""
  />
  
            
        
  <svg
    class="c-bolt-icon__icon c-bolt-icon__icon--large"
    style=""
  >
    
          
    <use
      href="#add-open"
      style=""
    />
    
        
  </svg>
  
      
</span>
`;

exports[`<bolt-icon> Component Default <bolt-icon> with Shadow DOM renders 2`] = `
<bolt-icon
  background="circle"
  name="add-open"
  size="large"
  style=""
>
  <!---->
  
      
      
  <span
    class="c-bolt-icon c-bolt-icon--large c-bolt-icon--add-open has-background has-circle-background c-bolt-icon--auto"
    style=""
  >
    
        
              
    <span
      class="c-bolt-icon__background-shape c-bolt-icon__background-shape--circle"
      style=""
    />
    
            
        
    <svg
      class="c-bolt-icon__icon c-bolt-icon__icon--large"
      style=""
    >
      
          
      <use
        href="#add-open"
        style=""
      />
      
        
    </svg>
    
      
  </span>
  
    
  <!---->
</bolt-icon>
`;

exports[`<bolt-icon> Component basic usage 1`] = `
<bolt-icon name="add-open"
           size="medium"
           color="teal"
           background="square"
           aria-hidden="true"
>
  <span class="c-bolt-icon c-bolt-icon--add-open c-bolt-icon--medium c-bolt-icon--teal has-background has-square-background">
    <span class="c-bolt-icon__background-shape c-bolt-icon__background-shape--square">
    </span>
    <svg class="c-bolt-icon__icon c-bolt-icon__icon--medium"
         xmlns="http://www.w3.org/2000/svg"
         viewbox="0 0 24 24"
    >
      <g fill="none"
         fill-rule="evenodd"
      >
        <path>
        </path>
        <g fill="var(--bolt-theme-icon, currentColor)">
          <path d="M12 21a9 9 0 110-18 9 9 0 010 18m0-20a11 11 0 100 22 11 11 0 000-22M16 11h-3V8c0-.5-.4-1-1-1a1 1 0 00-1 1v3H8a1 1 0 00-1 1c0 .6.5 1 1 1h3v3c0 .6.4 1 1 1s1-.4 1-1v-3h3c.6 0 1-.4 1-1s-.4-1-1-1">
          </path>
        </g>
      </g>
    </svg>
  </span>
</bolt-icon>
`;
