// Jest Snapshot v1, https://goo.gl/fbAQLP

exports[`Bolt Ratio element default 1`] = `
<div class="e-bolt-ratio">
  <div class="e-bolt-ratio__content">
  </div>
</div>
`;
