// Jest Snapshot v1, https://goo.gl/fbAQLP

exports[`Tests to confirm that the latest upcoming release of the @bolt/build-tools is compiling as expected Check JSON data for colors was generated and outputted by the @bolt/build-tools 1`] = `
Object {
  "berry": Object {
    "base": "rgb(172, 19, 97)",
  },
  "black": Object {
    "base": "rgb(21, 22, 25)",
  },
  "gray": Object {
    "base": "rgb(141, 142, 153)",
    "dark": "rgb(92, 93, 102)",
    "light": "rgb(224, 226, 235)",
    "xdark": "rgb(46, 46, 51)",
    "xlight": "rgb(246, 246, 249)",
  },
  "indigo": Object {
    "base": "rgb(0, 31, 95)",
    "dark": "rgb(8, 28, 69)",
    "light": "rgb(62, 103, 187)",
    "xdark": "rgb(9, 23, 52)",
    "xlight": "rgb(171, 194, 242)",
  },
  "navy": Object {
    "base": "rgb(0, 31, 95)",
    "dark": "rgb(8, 28, 69)",
    "light": "rgb(62, 103, 187)",
    "xdark": "rgb(9, 23, 52)",
    "xlight": "rgb(171, 194, 242)",
  },
  "orange": Object {
    "base": "rgb(247, 105, 35)",
    "dark": "rgb(199, 66, 0)",
    "light": "rgb(255, 152, 102)",
  },
  "pink": Object {
    "base": "rgb(230, 54, 144)",
  },
  "teal": Object {
    "base": "rgb(16, 165, 172)",
    "dark": "rgb(10, 98, 102)",
    "light": "rgb(134, 202, 198)",
    "xdark": "rgb(0, 81, 84)",
    "xlight": "rgb(183, 228, 230)",
  },
  "violet": Object {
    "base": "rgb(95, 103, 185)",
  },
  "white": Object {
    "base": "rgb(255, 255, 255)",
  },
  "wine": Object {
    "base": "rgb(102, 29, 52)",
  },
  "yellow": Object {
    "base": "rgb(255, 200, 54)",
    "dark": "rgb(232, 175, 23)",
    "light": "rgb(255, 227, 153)",
  },
}
`;
