// Jest Snapshot v1, https://goo.gl/fbAQLP

exports[`Bolt Wrapper element default 1`] = `
<div class="e-bolt-wrapper">
  This is a wrapper
</div>
`;
