// Jest Snapshot v1, https://goo.gl/fbAQLP

exports[`Bolt element generator SCSS file exist 1`] = `
"/* ------------------------------------ *\\\\
   Test
\\\\* ------------------------------------ */

@import '@bolt/core-v3.x';

/**
 * Long-form comment.
 *
 * This spans multiple lines and is also constrained to no longer than 80
 * characters in width.
 *
 * 1. Provide line-comments like this.
 */

.e-bolt-test {
  // Styles go here. /* [1] */
  display: block;
}
"
`;

exports[`Bolt element generator changelog file exist 1`] = `
"# Change Log

All notable changes to this project will be documented in this file.
See [Conventional Commits](https://conventionalcommits.org) for commit guidelines.
"
`;

exports[`Bolt element generator folder structure of component package is correct 1`] = `
Array [
  "packages/generators/bolt-generator/__tests__/element/_tmp/.boltrc.js",
  "packages/generators/bolt-generator/__tests__/element/_tmp/docs-site/src/pages/pattern-lab/_patterns/20-elements/test/00-test-docs.twig",
  "packages/generators/bolt-generator/__tests__/element/_tmp/docs-site/src/pages/pattern-lab/_patterns/20-elements/test/05-test.twig",
  "packages/generators/bolt-generator/__tests__/element/_tmp/package.json",
  "packages/generators/bolt-generator/__tests__/element/_tmp/packages/elements/bolt-test/CHANGELOG.md",
  "packages/generators/bolt-generator/__tests__/element/_tmp/packages/elements/bolt-test/README.md",
  "packages/generators/bolt-generator/__tests__/element/_tmp/packages/elements/bolt-test/__tests__/test.js",
  "packages/generators/bolt-generator/__tests__/element/_tmp/packages/elements/bolt-test/index.scss",
  "packages/generators/bolt-generator/__tests__/element/_tmp/packages/elements/bolt-test/package.json",
  "packages/generators/bolt-generator/__tests__/element/_tmp/packages/elements/bolt-test/src/test.scss",
  "packages/generators/bolt-generator/__tests__/element/_tmp/packages/elements/bolt-test/src/test.twig",
  "packages/generators/bolt-generator/__tests__/element/_tmp/packages/elements/bolt-test/test.schema.js",
]
`;

exports[`Bolt element generator index SCSS file exist 1`] = `
"@import 'src/test.scss';
"
`;

exports[`Bolt element generator package.json file exist 1`] = `
"{
  \\"name\\": \\"@bolt/elements-test\\",
  \\"version\\": \\"0.0.0\\",
  \\"description\\": \\"Test Description\\",
  \\"keywords\\": [\\"bolt design system\\"],
  \\"homepage\\": \\"https://boltdesignsystem.com\\",
  \\"bugs\\": \\"https://github.com/bolt-design-system/bolt/issues\\",
  \\"repository\\": {
    \\"type\\": \\"git\\",
    \\"url\\": \\"https://github.com/bolt-design-system/bolt/tree/master/packages/elements/bolt-test\\"
  },
  \\"license\\": \\"MIT\\",
  \\"author\\": \\"Test User <test@example.org>\\",
  \\"style\\": \\"index.scss\\",
  \\"dependencies\\": {
    \\"@bolt/core-v3.x\\": \\"^0.0.0\\"
  },
  \\"publishConfig\\": {
    \\"access\\": \\"public\\"
  },
  \\"schema\\": \\"test.schema.js\\",
  \\"twig\\": \\"src/test.twig\\"
}
"
`;

exports[`Bolt element generator pattern lab file exist 1`] = `
"{% set usage %}{% verbatim %}
{% include '@bolt-elements-test/test.twig' with {
  content: 'This is a test'
} only %}
{% endverbatim %}{% endset %}

{% include '@utils/docs.twig' with {
  componentName: 'test',
  componentGroup: 'elements',
  usage: usage
} only %}

"
`;

exports[`Bolt element generator readme file exist 1`] = `
"Test Description

###### Install via NPM

\`\`\`
npm install @bolt/elements-test
\`\`\`
"
`;

exports[`Bolt element generator schema file exist 1`] = `
"module.exports = {
  $schema: 'http://json-schema.org/draft-04/schema#',
  title: 'Test',
  type: 'object',
  properties: {
    attributes: {
      type: 'object',
      description:
        'A Drupal-style attributes object with extra attributes to append to this element.',
    },
    content: {
      type: 'string',
      description: 'Content of the test. ',
    },
  },
};

// @TODO: content is only a string for validation demonstration purposes, please adjust or remove this property for your new element.
"
`;

exports[`Bolt element generator tests file exist 1`] = `
"// Refer to https://github.com/boltdesignsystem/bolt/wiki/Jest-Test:-Example-Jest-Test for more testing examples
import { render, stopServer } from '../../../testing/testing-helpers';
// import schema from '../test.schema';
// const { [PROP KEY], [PROP KEY]... } = schema.properties;
let page, fixtures;

afterAll(async () => {
  await stopServer();
  await page.close();
});

beforeEach(async () => {
  await page.evaluate(() => {
    document.body.innerHTML = '';
  });
});

beforeAll(async () => {
  page = await global.__BROWSER__.newPage();
  await page.goto('http://127.0.0.1:4444/', {
    timeout: 0,
  });

  const defaultData = {
    content: 'This is a test',
  };

  fixtures = {
    defaultData,
  };
});

describe('Bolt Test element', () => {
  test('default', async () => {
    const results = await render(
      '@bolt-elements-test/test.twig',
      {
        ...fixtures.defaultData,
      },
    );
    expect(results.ok).toBe(true);
    expect(results.html).toMatchSnapshot();
  });
});

// describe('Bolt Test prop -', () => {
//   // Target each of the schema keys with the following pattern
//   [PROP KEY].enum.forEach(async (option) => {
//     test(\`[PROP KEY] items: \${option}\`, async () => {
//       const results = await render(
//         '@bolt-components-test/test.twig',
//         {
//           ...fixtures.defaultData,
//           [PROP KEY]: option,
//         }
//       );

//       await expect(results.ok).toBe(true);
//       await expect(results.html).toMatchSnapshot();
//     });
//   });
// });
"
`;
