// Jest Snapshot v1, https://goo.gl/fbAQLP

exports[`<bolt-typeahead> Component Typeahead Twig Template Renders 1`] = `
<form action="https://www.pega.com/search"
      target="_blank"
      method="GET"
>
  <bolt-typeahead class="js-typeahead-hook"
                  max-results="5"
  >
    <div class="c-bolt-typeahead">
      <label for="12345"
             class="c-bolt-typeahead__label"
      >
        <span class="u-bolt-visuallyhidden">
        </span>
      </label>
      <input id="12345"
             type="text"
             autocomplete="off"
             aria-autocomplete="list"
             class="c-bolt-typeahead__input"
             placeholder="Enter your search query"
             value
             required
             name
      >
      <button type="reset"
              onclick="this.previousElementSibling.focus()"
              class="c-bolt-typeahead__button c-bolt-typeahead__button--clear e-bolt-button e-bolt-button--transparent e-bolt-button--icon-only"
              aria-label="Clear search results"
      >
        <span class="e-bolt-button__icon-center"
              aria-hidden="true"
        >
          <bolt-icon class="c-bolt-typeahead__icon"
                     name="close-solid"
                     aria-hidden="true"
          >
            <span class="c-bolt-icon c-bolt-icon--close-solid">
              <svg class="c-bolt-icon__icon"
                   xmlns="http://www.w3.org/2000/svg"
                   data-name="Layer 1"
                   viewbox="0 0 22 22"
              >
                <path fill="var(--bolt-theme-icon, currentColor)"
                      d="M11 0a11 11 0 1011 11A11 11 0 0011 0zm3.5 13.1a1 1 0 010 1.4 1 1 0 01-1.4 0l-2.1-2-2.1 2a1 1 0 01-1.4 0 1 1 0 010-1.4l2-2.1-2-2.1a1 1 0 011.4-1.4l2.1 2 2.1-2a1 1 0 011.4 1.4l-2 2.1z"
                >
                </path>
              </svg>
            </span>
          </bolt-icon>
        </span>
      </button>
      <div class="c-bolt-typeahead__button c-bolt-typeahead__button--submit">
        <button type="submit"
                onclick="this.previousElementSibling.focus()"
                class="c-bolt-typeahead__button c-bolt-typeahead__button--clear e-bolt-button e-bolt-button--transparent e-bolt-button--icon-only"
                aria-label="Submit search query"
        >
          <span class="e-bolt-button__icon-center"
                aria-hidden="true"
          >
            <bolt-icon class="c-bolt-typeahead__icon"
                       name="search"
                       aria-hidden="true"
            >
              <span class="c-bolt-icon c-bolt-icon--search">
                <svg class="c-bolt-icon__icon"
                     xmlns="http://www.w3.org/2000/svg"
                     viewbox="0 0 24 24"
                >
                  <g fill="none"
                     fill-rule="evenodd"
                  >
                    <path>
                    </path>
                    <path fill="var(--bolt-theme-icon, currentColor)"
                          d="M9.5 15a5.5 5.5 0 110-11 5.5 5.5 0 010 11m12.2 5.3L15.5 14c1-1.3 1.5-2.9 1.5-4.6a7.5 7.5 0 10-3 6l6.3 6.2a1 1 0 001.4-1.4"
                    >
                    </path>
                  </g>
                </svg>
              </span>
            </bolt-icon>
          </span>
        </button>
      </div>
    </div>
  </bolt-typeahead>
</form>
`;
