// Jest Snapshot v1, https://goo.gl/fbAQLP

exports[`<bolt-sticky> Component basic usage 1`] = `
<div style="height:50vh;background-color:lightgray;">
</div>
<bolt-sticky bolt-component
             class="c-bolt-sticky js-bolt-sticky"
>
  <div style="color:white;background-color:red">
    First sticky item
  </div>
</bolt-sticky>
<div style="height:100vh;background-color:lightgray;">
</div>
<bolt-sticky bolt-component
             class="c-bolt-sticky js-bolt-sticky"
>
  <div style="background-color: white">
    Second sticky item
  </div>
</bolt-sticky>
<div style="height:100vh;background-color:lightgray;">
</div>
<bolt-sticky bolt-component
             class="c-bolt-sticky js-bolt-sticky"
>
  <div style="color:white;background-color:blue">
    Third sticky item
  </div>
</bolt-sticky>
<div style="height:100vh;background-color:lightgray;">
</div>
`;
