// Jest Snapshot v1, https://goo.gl/fbAQLP

exports[`Bolt Responsive Table component default 1`] = `
<div class="c-bolt-responsive-table js-bolt-responsive-table">
  <table>
  </table>
</div>
`;
